Archive member included because of file (symbol)

c:/winavr-20100110/bin/../lib/gcc/avr/4.3.3/avr5\libgcc.a(_mulsi3.o)
                              ./TMP_SENSOR.o (__mulsi3)
c:/winavr-20100110/bin/../lib/gcc/avr/4.3.3/avr5\libgcc.a(_udivmodqi4.o)
                              ./LCD.o (__udivmodqi4)
c:/winavr-20100110/bin/../lib/gcc/avr/4.3.3/avr5\libgcc.a(_udivmodhi4.o)
                              ./LCD.o (__udivmodhi4)
c:/winavr-20100110/bin/../lib/gcc/avr/4.3.3/avr5\libgcc.a(_exit.o)
                              c:/winavr-20100110/bin/../lib/gcc/avr/4.3.3/../../../../avr/lib/avr5/crtm32.o (exit)
c:/winavr-20100110/bin/../lib/gcc/avr/4.3.3/avr5\libgcc.a(_copy_data.o)
                              ./DIO.o (__do_copy_data)
c:/winavr-20100110/bin/../lib/gcc/avr/4.3.3/avr5\libgcc.a(_clear_bss.o)
                              ./CO_SCH.o (__do_clear_bss)

Allocating common symbols
Common symbol       size              file

ECU_OD_Tmp_Data     0x3               ./DISP.o
ECU_RM_Tmp_Data     0xa               ./DISP.o
ECU_OD_Data         0x3               ./ECU_OD.o
SPI_Curr_Reading    0x1               ./SPI.o
ECU_RM_Data         0xa               ./ECU_RM.o

Memory Configuration

Name             Origin             Length             Attributes
text             0x00000000         0x00020000         xr
data             0x00800060         0x0000ffa0         rw !x
eeprom           0x00810000         0x00010000         rw !x
fuse             0x00820000         0x00000400         rw !x
lock             0x00830000         0x00000400         rw !x
signature        0x00840000         0x00000400         rw !x
*default*        0x00000000         0xffffffff

Linker script and memory map

LOAD c:/winavr-20100110/bin/../lib/gcc/avr/4.3.3/../../../../avr/lib/avr5/crtm32.o
LOAD ./ADC.o
LOAD ./CO_SCH.o
LOAD ./DIO.o
LOAD ./DIO_CFG.o
LOAD ./DISP.o
LOAD ./ECU_OD.o
LOAD ./ECU_RM.o
LOAD ./KEYPAD.o
LOAD ./LCD.o
LOAD ./SPI.o
LOAD ./TMP_SENSOR.o
LOAD ./TMR0.o
LOAD ./main.o
LOAD c:/winavr-20100110/bin/../lib/gcc/avr/4.3.3/avr5\libgcc.a
LOAD c:/winavr-20100110/bin/../lib/gcc/avr/4.3.3/../../../../avr/lib/avr5\libc.a
LOAD c:/winavr-20100110/bin/../lib/gcc/avr/4.3.3/avr5\libgcc.a

.hash
 *(.hash)

.dynsym
 *(.dynsym)

.dynstr
 *(.dynstr)

.gnu.version
 *(.gnu.version)

.gnu.version_d
 *(.gnu.version_d)

.gnu.version_r
 *(.gnu.version_r)

.rel.init
 *(.rel.init)

.rela.init
 *(.rela.init)

.rel.text
 *(.rel.text)
 *(.rel.text.*)
 *(.rel.gnu.linkonce.t*)

.rela.text
 *(.rela.text)
 *(.rela.text.*)
 *(.rela.gnu.linkonce.t*)

.rel.fini
 *(.rel.fini)

.rela.fini
 *(.rela.fini)

.rel.rodata
 *(.rel.rodata)
 *(.rel.rodata.*)
 *(.rel.gnu.linkonce.r*)

.rela.rodata
 *(.rela.rodata)
 *(.rela.rodata.*)
 *(.rela.gnu.linkonce.r*)

.rel.data
 *(.rel.data)
 *(.rel.data.*)
 *(.rel.gnu.linkonce.d*)

.rela.data
 *(.rela.data)
 *(.rela.data.*)
 *(.rela.gnu.linkonce.d*)

.rel.ctors
 *(.rel.ctors)

.rela.ctors
 *(.rela.ctors)

.rel.dtors
 *(.rel.dtors)

.rela.dtors
 *(.rela.dtors)

.rel.got
 *(.rel.got)

.rela.got
 *(.rela.got)

.rel.bss
 *(.rel.bss)

.rela.bss
 *(.rela.bss)

.rel.plt
 *(.rel.plt)

.rela.plt
 *(.rela.plt)

.text           0x00000000     0x10f2
 *(.vectors)
 .vectors       0x00000000       0x54 c:/winavr-20100110/bin/../lib/gcc/avr/4.3.3/../../../../avr/lib/avr5/crtm32.o
                0x00000000                __vectors
                0x00000000                __vector_default
 *(.vectors)
 *(.progmem.gcc*)
 *(.progmem*)
                0x00000054                . = ALIGN (0x2)
                0x00000054                __trampolines_start = .
 *(.trampolines)
 .trampolines   0x00000054        0x0 linker stubs
 *(.trampolines*)
                0x00000054                __trampolines_end = .
 *(.jumptables)
 *(.jumptables*)
 *(.lowtext)
 *(.lowtext*)
                0x00000054                __ctors_start = .
 *(.ctors)
                0x00000054                __ctors_end = .
                0x00000054                __dtors_start = .
 *(.dtors)
                0x00000054                __dtors_end = .
 SORT(*)(.ctors)
 SORT(*)(.dtors)
 *(.init0)
 .init0         0x00000054        0x0 c:/winavr-20100110/bin/../lib/gcc/avr/4.3.3/../../../../avr/lib/avr5/crtm32.o
                0x00000054                __init
 *(.init0)
 *(.init1)
 *(.init1)
 *(.init2)
 .init2         0x00000054        0xc c:/winavr-20100110/bin/../lib/gcc/avr/4.3.3/../../../../avr/lib/avr5/crtm32.o
 *(.init2)
 *(.init3)
 *(.init3)
 *(.init4)
 .init4         0x00000060       0x16 c:/winavr-20100110/bin/../lib/gcc/avr/4.3.3/avr5\libgcc.a(_copy_data.o)
                0x00000060                __do_copy_data
 .init4         0x00000076       0x10 c:/winavr-20100110/bin/../lib/gcc/avr/4.3.3/avr5\libgcc.a(_clear_bss.o)
                0x00000076                __do_clear_bss
 *(.init4)
 *(.init5)
 *(.init5)
 *(.init6)
 *(.init6)
 *(.init7)
 *(.init7)
 *(.init8)
 *(.init8)
 *(.init9)
 .init9         0x00000086        0x8 c:/winavr-20100110/bin/../lib/gcc/avr/4.3.3/../../../../avr/lib/avr5/crtm32.o
 *(.init9)
 *(.text)
 .text          0x0000008e        0x4 c:/winavr-20100110/bin/../lib/gcc/avr/4.3.3/../../../../avr/lib/avr5/crtm32.o
                0x0000008e                __vector_1
                0x0000008e                __bad_interrupt
                0x0000008e                __vector_6
                0x0000008e                __vector_3
                0x0000008e                __vector_11
                0x0000008e                __vector_13
                0x0000008e                __vector_17
                0x0000008e                __vector_19
                0x0000008e                __vector_7
                0x0000008e                __vector_5
                0x0000008e                __vector_4
                0x0000008e                __vector_9
                0x0000008e                __vector_2
                0x0000008e                __vector_15
                0x0000008e                __vector_8
                0x0000008e                __vector_14
                0x0000008e                __vector_18
                0x0000008e                __vector_20
 .text          0x00000092        0x0 ./ADC.o
 .text          0x00000092        0x0 ./CO_SCH.o
 .text          0x00000092        0x0 ./DIO.o
 .text          0x00000092        0x0 ./DIO_CFG.o
 .text          0x00000092        0x0 ./DISP.o
 .text          0x00000092        0x0 ./ECU_OD.o
 .text          0x00000092        0x0 ./ECU_RM.o
 .text          0x00000092        0x0 ./KEYPAD.o
 .text          0x00000092        0x0 ./LCD.o
 .text          0x00000092        0x0 ./SPI.o
 .text          0x00000092        0x0 ./TMP_SENSOR.o
 .text          0x00000092        0x0 ./TMR0.o
 .text          0x00000092        0x0 ./main.o
 .text          0x00000092        0x0 c:/winavr-20100110/bin/../lib/gcc/avr/4.3.3/avr5\libgcc.a(_mulsi3.o)
 .text          0x00000092        0x0 c:/winavr-20100110/bin/../lib/gcc/avr/4.3.3/avr5\libgcc.a(_udivmodqi4.o)
 .text          0x00000092        0x0 c:/winavr-20100110/bin/../lib/gcc/avr/4.3.3/avr5\libgcc.a(_udivmodhi4.o)
 .text          0x00000092        0x0 c:/winavr-20100110/bin/../lib/gcc/avr/4.3.3/avr5\libgcc.a(_exit.o)
 .text          0x00000092        0x0 c:/winavr-20100110/bin/../lib/gcc/avr/4.3.3/avr5\libgcc.a(_copy_data.o)
 .text          0x00000092        0x0 c:/winavr-20100110/bin/../lib/gcc/avr/4.3.3/avr5\libgcc.a(_clear_bss.o)
                0x00000092                . = ALIGN (0x2)
 *(.text.*)
 .text.ADC      0x00000092       0x12 ./ADC.o
                0x00000092                ADC
 .text.ADC_Conversion
                0x000000a4       0x20 ./ADC.o
                0x000000a4                ADC_Conversion
 .text.ADC_Interrupt
                0x000000c4       0x12 ./ADC.o
                0x000000c4                ADC_Interrupt
 .text.ADC_Set_Prescaler
                0x000000d6        0xe ./ADC.o
                0x000000d6                ADC_Set_Prescaler
 .text.ADC_Read_Flag
                0x000000e4        0x8 ./ADC.o
                0x000000e4                ADC_Read_Flag
 .text.ADC_Clear_Flag
                0x000000ec        0x4 ./ADC.o
                0x000000ec                ADC_Clear_Flag
 .text.ADC_Init
                0x000000f0        0x4 ./ADC.o
                0x000000f0                ADC_Init
 .text.ADC_Read
                0x000000f4       0x12 ./ADC.o
                0x000000f4                ADC_Read
 .text.CO_SCH_Delete_Task
                0x00000106       0x40 ./CO_SCH.o
                0x00000106                CO_SCH_Delete_Task
 .text.CO_SCH_Add_Task
                0x00000146       0x50 ./CO_SCH.o
                0x00000146                CO_SCH_Add_Task
 .text.CO_SCH_Dispatch_Tasks
                0x00000196       0x70 ./CO_SCH.o
                0x00000196                CO_SCH_Dispatch_Tasks
 .text.__vector_10
                0x00000206       0x1e ./CO_SCH.o
                0x00000206                __vector_10
 .text.CO_SCH_Stop
                0x00000224        0xe ./CO_SCH.o
                0x00000224                CO_SCH_Stop
 .text.CO_SCH_Start
                0x00000232       0x16 ./CO_SCH.o
                0x00000232                CO_SCH_Start
 .text.CO_SCH_Init
                0x00000248       0x38 ./CO_SCH.o
                0x00000248                CO_SCH_Init
 .text.DIO_WRITE_PIN_VALUE
                0x00000280       0x64 ./DIO.o
                0x00000280                DIO_WRITE_PIN_VALUE
 .text.DIO_INIT
                0x000002e4       0xe2 ./DIO.o
                0x000002e4                DIO_INIT
 .text.DIO_READ_PIN_VALUE
                0x000003c6       0x2e ./DIO.o
                0x000003c6                DIO_READ_PIN_VALUE
 .text.DIO_WRITE_PORT
                0x000003f4       0x16 ./DIO.o
                0x000003f4                DIO_WRITE_PORT
 .text.DIO_Read_PORT
                0x0000040a       0x16 ./DIO.o
                0x0000040a                DIO_Read_PORT
 .text.DISP_Update
                0x00000420      0x1c0 ./DISP.o
                0x00000420                DISP_Update
 .text.ECU_OD_Update_Info
                0x000005e0       0x6a ./ECU_OD.o
                0x000005e0                ECU_OD_Update_Info
 .text.ECU_RM_Update
                0x0000064a       0xc2 ./ECU_RM.o
 .text.ECU_RM_Update_Info
                0x0000070c       0x1e ./ECU_RM.o
                0x0000070c                ECU_RM_Update_Info
 .text.KEYPAD_Init
                0x0000072a       0x22 ./KEYPAD.o
                0x0000072a                KEYPAD_Init
 .text.KEYPAD_Read
                0x0000074c      0x110 ./KEYPAD.o
                0x0000074c                KEYPAD_Read
 .text.IntToStr
                0x0000085c       0x2c ./LCD.o
                0x0000085c                IntToStr
 .text.LCD_Write_Char
                0x00000888       0xba ./LCD.o
                0x00000888                LCD_Write_Char
 .text.LCD_Disp_Number
                0x00000942       0x9c ./LCD.o
                0x00000942                LCD_Disp_Number
 .text.LCD_Disp_Str
                0x000009de       0x1a ./LCD.o
                0x000009de                LCD_Disp_Str
 .text.LCD_Send_Command
                0x000009f8       0xc2 ./LCD.o
                0x000009f8                LCD_Send_Command
 .text.LCD_Write_CGRAM
                0x00000aba       0x44 ./LCD.o
                0x00000aba                LCD_Write_CGRAM
 .text.LCD_Clear
                0x00000afe       0x3a ./LCD.o
                0x00000afe                LCD_Clear
 .text.LCD_Jumb_To
                0x00000b38       0x22 ./LCD.o
                0x00000b38                LCD_Jumb_To
 .text.LCD_Disp_Special_Character
                0x00000b5a       0x22 ./LCD.o
                0x00000b5a                LCD_Disp_Special_Character
 .text.LCD_Jumb_ToAndWrite
                0x00000b7c       0x22 ./LCD.o
                0x00000b7c                LCD_Jumb_ToAndWrite
 .text.LCD_Init
                0x00000b9e      0x114 ./LCD.o
                0x00000b9e                LCD_Init
 .text.LCD_Update
                0x00000cb2       0x78 ./LCD.o
                0x00000cb2                LCD_Update
 .text.SPI_Set_State
                0x00000d2a       0x12 ./SPI.o
                0x00000d2a                SPI_Set_State
 .text.SPI_Set_Mode
                0x00000d3c       0x12 ./SPI.o
                0x00000d3c                SPI_Set_Mode
 .text.SPI_Set_CLK
                0x00000d4e       0x1a ./SPI.o
                0x00000d4e                SPI_Set_CLK
 .text.SPI_Tx_Rx
                0x00000d68        0x8 ./SPI.o
                0x00000d68                SPI_Tx_Rx
 .text.SPI_INT  0x00000d70       0x12 ./SPI.o
                0x00000d70                SPI_INT
 .text.__vector_12
                0x00000d82       0x1e ./SPI.o
                0x00000d82                __vector_12
 .text.SPI_Update
                0x00000da0       0xdc ./SPI.o
                0x00000da0                SPI_Update
 .text.SPI_Qinit
                0x00000e7c       0x32 ./SPI.o
                0x00000e7c                SPI_Qinit
 .text.__vector_16
                0x00000eae       0x1e ./TMP_SENSOR.o
                0x00000eae                __vector_16
 .text.TMP_Sensor_Read
                0x00000ecc       0x48 ./TMP_SENSOR.o
                0x00000ecc                TMP_Sensor_Read
 .text.TMP_Update
                0x00000f14       0x22 ./TMP_SENSOR.o
                0x00000f14                TMP_Update
 .text.TMP_Sensor_Init
                0x00000f36       0x20 ./TMP_SENSOR.o
                0x00000f36                TMP_Sensor_Init
 .text.TMR0_Set_Prescaler
                0x00000f56        0xe ./TMR0.o
                0x00000f56                TMR0_Set_Prescaler
 .text.TMR0_Mode
                0x00000f64       0x40 ./TMR0.o
                0x00000f64                TMR0_Mode
 .text.TMR0_INT
                0x00000fa4       0x2e ./TMR0.o
                0x00000fa4                TMR0_INT
 .text.TMR0_OC0
                0x00000fd2       0x18 ./TMR0.o
                0x00000fd2                TMR0_OC0
 .text.TMR0_Set_Buffer
                0x00000fea       0x12 ./TMR0.o
                0x00000fea                TMR0_Set_Buffer
 .text.TMR0_Init
                0x00000ffc       0x12 ./TMR0.o
                0x00000ffc                TMR0_Init
 .text.TMR0_Read_Buffer
                0x0000100e       0x14 ./TMR0.o
                0x0000100e                TMR0_Read_Buffer
 .text.main     0x00001022       0x4e ./main.o
                0x00001022                main
 .text.libgcc   0x00001070       0x3e c:/winavr-20100110/bin/../lib/gcc/avr/4.3.3/avr5\libgcc.a(_mulsi3.o)
                0x00001070                __mulsi3
 .text.libgcc   0x000010ae       0x18 c:/winavr-20100110/bin/../lib/gcc/avr/4.3.3/avr5\libgcc.a(_udivmodqi4.o)
                0x000010ae                __udivmodqi4
 .text.libgcc   0x000010c6       0x28 c:/winavr-20100110/bin/../lib/gcc/avr/4.3.3/avr5\libgcc.a(_udivmodhi4.o)
                0x000010c6                __udivmodhi4
 .text.libgcc   0x000010ee        0x0 c:/winavr-20100110/bin/../lib/gcc/avr/4.3.3/avr5\libgcc.a(_exit.o)
 .text.libgcc   0x000010ee        0x0 c:/winavr-20100110/bin/../lib/gcc/avr/4.3.3/avr5\libgcc.a(_copy_data.o)
 .text.libgcc   0x000010ee        0x0 c:/winavr-20100110/bin/../lib/gcc/avr/4.3.3/avr5\libgcc.a(_clear_bss.o)
                0x000010ee                . = ALIGN (0x2)
 *(.fini9)
 .fini9         0x000010ee        0x0 c:/winavr-20100110/bin/../lib/gcc/avr/4.3.3/avr5\libgcc.a(_exit.o)
                0x000010ee                exit
                0x000010ee                _exit
 *(.fini9)
 *(.fini8)
 *(.fini8)
 *(.fini7)
 *(.fini7)
 *(.fini6)
 *(.fini6)
 *(.fini5)
 *(.fini5)
 *(.fini4)
 *(.fini4)
 *(.fini3)
 *(.fini3)
 *(.fini2)
 *(.fini2)
 *(.fini1)
 *(.fini1)
 *(.fini0)
 .fini0         0x000010ee        0x4 c:/winavr-20100110/bin/../lib/gcc/avr/4.3.3/avr5\libgcc.a(_exit.o)
 *(.fini0)
                0x000010f2                _etext = .

.data           0x00800060       0x82 load address 0x000010f2
                0x00800060                PROVIDE (__data_start, .)
 *(.data)
 .data          0x00800060        0x0 c:/winavr-20100110/bin/../lib/gcc/avr/4.3.3/../../../../avr/lib/avr5/crtm32.o
 .data          0x00800060        0x0 ./ADC.o
 .data          0x00800060        0x0 ./CO_SCH.o
 .data          0x00800060        0x0 ./DIO.o
 .data          0x00800060        0x0 ./DIO_CFG.o
 .data          0x00800060       0x28 ./DISP.o
 .data          0x00800088        0x0 ./ECU_OD.o
 .data          0x00800088        0x0 ./ECU_RM.o
 .data          0x00800088        0x0 ./KEYPAD.o
 .data          0x00800088        0x0 ./LCD.o
 .data          0x00800088        0x0 ./SPI.o
 .data          0x00800088        0x0 ./TMP_SENSOR.o
 .data          0x00800088        0x0 ./TMR0.o
 .data          0x00800088        0x0 ./main.o
 .data          0x00800088        0x0 c:/winavr-20100110/bin/../lib/gcc/avr/4.3.3/avr5\libgcc.a(_mulsi3.o)
 .data          0x00800088        0x0 c:/winavr-20100110/bin/../lib/gcc/avr/4.3.3/avr5\libgcc.a(_udivmodqi4.o)
 .data          0x00800088        0x0 c:/winavr-20100110/bin/../lib/gcc/avr/4.3.3/avr5\libgcc.a(_udivmodhi4.o)
 .data          0x00800088        0x0 c:/winavr-20100110/bin/../lib/gcc/avr/4.3.3/avr5\libgcc.a(_exit.o)
 .data          0x00800088        0x0 c:/winavr-20100110/bin/../lib/gcc/avr/4.3.3/avr5\libgcc.a(_copy_data.o)
 .data          0x00800088        0x0 c:/winavr-20100110/bin/../lib/gcc/avr/4.3.3/avr5\libgcc.a(_clear_bss.o)
 *(.data*)
 .data.Pin_Direction
                0x00800088       0x20 ./DIO_CFG.o
                0x00800088                Pin_Direction
 .data.ECU_RM_Info
                0x008000a8        0x1 ./ECU_RM.o
                0x008000a8                ECU_RM_Info
 .data.SPI_Finished
                0x008000a9        0x1 ./SPI.o
                0x008000a9                SPI_Finished
 *(.rodata)
 *(.rodata*)
 .rodata.Reg.1343
                0x008000aa        0x8 ./DIO.o
 .rodata.Reg.1337
                0x008000b2        0x8 ./DIO.o
 .rodata.Reg.1320
                0x008000ba        0x8 ./DIO.o
 .rodata.Reg.1295
                0x008000c2        0x8 ./DIO.o
 .rodata.Reg.1261
                0x008000ca        0x8 ./DIO.o
 .rodata.C.0.1306
                0x008000d2       0x10 ./KEYPAD.o
 *(.gnu.linkonce.d*)
                0x008000e2                . = ALIGN (0x2)
                0x008000e2                _edata = .
                0x008000e2                PROVIDE (__data_end, .)

.bss            0x008000e2       0x4c
                0x008000e2                PROVIDE (__bss_start, .)
 *(.bss)
 .bss           0x008000e2        0x0 c:/winavr-20100110/bin/../lib/gcc/avr/4.3.3/../../../../avr/lib/avr5/crtm32.o
 .bss           0x008000e2        0x0 ./ADC.o
 .bss           0x008000e2        0x0 ./CO_SCH.o
 .bss           0x008000e2        0x0 ./DIO.o
 .bss           0x008000e2        0x0 ./DIO_CFG.o
 .bss           0x008000e2        0x0 ./DISP.o
 .bss           0x008000e2        0x0 ./ECU_OD.o
 .bss           0x008000e2        0x0 ./ECU_RM.o
 .bss           0x008000e2        0x0 ./KEYPAD.o
 .bss           0x008000e2        0x0 ./LCD.o
 .bss           0x008000e2        0x0 ./SPI.o
 .bss           0x008000e2        0x0 ./TMP_SENSOR.o
 .bss           0x008000e2        0x0 ./TMR0.o
 .bss           0x008000e2        0x0 ./main.o
 .bss           0x008000e2        0x0 c:/winavr-20100110/bin/../lib/gcc/avr/4.3.3/avr5\libgcc.a(_mulsi3.o)
 .bss           0x008000e2        0x0 c:/winavr-20100110/bin/../lib/gcc/avr/4.3.3/avr5\libgcc.a(_udivmodqi4.o)
 .bss           0x008000e2        0x0 c:/winavr-20100110/bin/../lib/gcc/avr/4.3.3/avr5\libgcc.a(_udivmodhi4.o)
 .bss           0x008000e2        0x0 c:/winavr-20100110/bin/../lib/gcc/avr/4.3.3/avr5\libgcc.a(_exit.o)
 .bss           0x008000e2        0x0 c:/winavr-20100110/bin/../lib/gcc/avr/4.3.3/avr5\libgcc.a(_copy_data.o)
 .bss           0x008000e2        0x0 c:/winavr-20100110/bin/../lib/gcc/avr/4.3.3/avr5\libgcc.a(_clear_bss.o)
 *(.bss*)
 .bss.CO_SCH_Update
                0x008000e2        0x1 ./CO_SCH.o
 .bss.Id.1287   0x008000e3        0x1 ./CO_SCH.o
 .bss.CO_SCH_Task
                0x008000e4       0x18 ./CO_SCH.o
 .bss.State.1377
                0x008000fc        0x1 ./DISP.o
 .bss.StrTemp.1376
                0x008000fd        0x3 ./DISP.o
 .bss.ECU_OD_Mode
                0x00800100        0x1 ./ECU_OD.o
                0x00800100                ECU_OD_Mode
 .bss.Idx.1561  0x00800101        0x1 ./LCD.o
 .bss.State.1560
                0x00800102        0x1 ./LCD.o
 .bss.Cnt.1508  0x00800103        0x1 ./LCD.o
 .bss.Cnt.1471  0x00800104        0x1 ./LCD.o
 .bss.Configuration_Process
                0x00800105        0x1 ./LCD.o
 .bss.Cnt.1420  0x00800106        0x1 ./LCD.o
 .bss.Cnt.1392  0x00800107        0x1 ./LCD.o
 .bss.Address_Counter
                0x00800108        0x1 ./LCD.o
 .bss.SPI_Slave
                0x00800109        0x3 ./SPI.o
                0x00800109                SPI_Slave
 .bss.Cnt.1374  0x0080010c        0x1 ./SPI.o
 .bss.SlaveSelector.1373
                0x0080010d        0x1 ./SPI.o
 .bss.TMP_Back_Up
                0x0080010e        0x4 ./TMP_SENSOR.o
                0x0080010e                TMP_Back_Up
 .bss.ADC_Finished
                0x00800112        0x1 ./TMP_SENSOR.o
 *(COMMON)
 COMMON         0x00800113        0xd ./DISP.o
                0x00800113                ECU_OD_Tmp_Data
                0x00800116                ECU_RM_Tmp_Data
 COMMON         0x00800120        0x3 ./ECU_OD.o
                0x00800120                ECU_OD_Data
 COMMON         0x00800123        0xa ./ECU_RM.o
                0x00800123                ECU_RM_Data
 COMMON         0x0080012d        0x1 ./SPI.o
                0x0080012d                SPI_Curr_Reading
                0x0080012e                PROVIDE (__bss_end, .)
                0x000010f2                __data_load_start = LOADADDR (.data)
                0x00001174                __data_load_end = (__data_load_start + SIZEOF (.data))

.noinit         0x0080012e        0x0
                0x0080012e                PROVIDE (__noinit_start, .)
 *(.noinit*)
                0x0080012e                PROVIDE (__noinit_end, .)
                0x0080012e                _end = .
                0x0080012e                PROVIDE (__heap_start, .)

.eeprom         0x00810000        0x0
 *(.eeprom*)
                0x00810000                __eeprom_end = .

.fuse
 *(.fuse)
 *(.lfuse)
 *(.hfuse)
 *(.efuse)

.lock
 *(.lock*)

.signature
 *(.signature*)

.stab           0x00000000     0x3450
 *(.stab)
 .stab          0x00000000      0x42c ./ADC.o
 .stab          0x0000042c      0x528 ./CO_SCH.o
                                0x5d0 (size before relaxing)
 .stab          0x00000954      0x450 ./DIO.o
                                0x504 (size before relaxing)
 .stab          0x00000da4       0xfc ./DIO_CFG.o
                                0x210 (size before relaxing)
 .stab          0x00000ea0      0x48c ./DISP.o
                                0x5ac (size before relaxing)
 .stab          0x0000132c      0x288 ./ECU_OD.o
                                0x390 (size before relaxing)
 .stab          0x000015b4      0x204 ./ECU_RM.o
                                0x390 (size before relaxing)
 .stab          0x000017b8      0x27c ./KEYPAD.o
                                0x39c (size before relaxing)
 .stab          0x00001a34      0xca8 ./LCD.o
                                0xe1c (size before relaxing)
 .stab          0x000026dc      0x5ac ./SPI.o
                                0x768 (size before relaxing)
 .stab          0x00002c88      0x240 ./TMP_SENSOR.o
                                0x360 (size before relaxing)
 .stab          0x00002ec8      0x384 ./TMR0.o
                                0x4bc (size before relaxing)
 .stab          0x0000324c      0x204 ./main.o
                                0x5b8 (size before relaxing)

.stabstr        0x00000000     0x208d
 *(.stabstr)
 .stabstr       0x00000000     0x208d ./ADC.o

.stab.excl
 *(.stab.excl)

.stab.exclstr
 *(.stab.exclstr)

.stab.index
 *(.stab.index)

.stab.indexstr
 *(.stab.indexstr)

.comment
 *(.comment)

.debug
 *(.debug)

.line
 *(.line)

.debug_srcinfo
 *(.debug_srcinfo)

.debug_sfnames
 *(.debug_sfnames)

.debug_aranges
 *(.debug_aranges)

.debug_pubnames
 *(.debug_pubnames)

.debug_info
 *(.debug_info)
 *(.gnu.linkonce.wi.*)

.debug_abbrev
 *(.debug_abbrev)

.debug_line
 *(.debug_line)

.debug_frame
 *(.debug_frame)

.debug_str
 *(.debug_str)

.debug_loc
 *(.debug_loc)

.debug_macinfo
 *(.debug_macinfo)
OUTPUT(GateWay.elf elf32-avr)
LOAD linker stubs
